=== START 2026-09-14T04:48:11.6340648-04:00
cargo :    Compiling proc-macro2 v1.0.107
At C:\Users\stefa\look\loop\nightly_ops\run_fp_cafa70d.ps1:6 char:1
+ cargo test -p look --test geometry_fingerprint --locked 2>&1 | Out-Fi ...
+ ~~~~~~~~~~~~~~~~~~~~~~~~~~~~~~~~~~~~~~~~~~~~~~~~~~~~~~~~~~~~
    + CategoryInfo          : NotSpecified: (   Compiling proc-macro2 v1.0.107:String) [], RemoteException
    + FullyQualifiedErrorId : NativeCommandError
 
   Compiling unicode-ident v1.0.24
   Compiling quote v1.0.47
   Compiling libm v0.2.16
   Compiling syn v2.0.119
   Compiling syn v3.0.3
   Compiling autocfg v1.5.1
   Compiling windows-link v0.2.1
   Compiling num-traits v0.2.19
   Compiling cfg-if v1.0.4
   Compiling serde_core v1.0.229
   Compiling serde v1.0.229
   Compiling equivalent v1.0.2
   Compiling serde_derive v1.0.229
   Compiling thiserror v2.0.20
   Compiling thiserror-impl v2.0.20
   Compiling syn v1.0.109
   Compiling version_check v0.9.5
   Compiling foldhash v0.2.0
   Compiling proc-macro-error-attr v1.0.4
   Compiling bytemuck_derive v1.12.0
   Compiling bytemuck v1.25.2
   Compiling proc-macro-error v1.0.4
   Compiling cgmath v0.18.0
   Compiling cfg_aliases v0.2.2
   Compiling approx v0.4.0
   Compiling memchr v2.8.3
   Compiling rand_core v0.10.1
   Compiling libc v0.2.189
   Compiling getrandom v0.4.3
   Compiling num-complex v0.4.6
   Compiling katexit v0.1.5
   Compiling cpufeatures v0.3.0
   Compiling log v0.4.33
   Compiling crossbeam-utils v0.8.22
   Compiling parking_lot_core v0.9.12
   Compiling smallvec v1.15.2
   Compiling matext4cgmath v0.1.0
   Compiling rustc-hash v2.1.3
   Compiling crossbeam-epoch v0.9.20
   Compiling scopeguard v1.2.0
   Compiling either v1.17.0
   Compiling lock_api v0.4.14
   Compiling truck-base v0.5.0 (C:\Users\stefa\AppData\Local\Temp\opencode\cafa70d-wt\vendor\truck\truck-base)
   Compiling chacha20 v0.10.1
   Compiling hashbrown v0.17.1
   Compiling windows-interface v0.59.3
   Compiling windows-implement v0.60.2
   Compiling windows-result v0.4.1
   Compiling windows-strings v0.5.1
   Compiling find-msvc-tools v0.1.11
   Compiling shlex v2.0.1
   Compiling crossbeam-deque v0.8.7
   Compiling semver v1.0.28
   Compiling khronos_api v3.1.0
   Compiling bitflags v2.13.1
   Compiling rustc_version v0.4.1
   Compiling cc v1.4.3
   Compiling windows-core v0.62.2
   Compiling indexmap v2.14.0
   Compiling rand v0.10.2
   Compiling parking_lot v0.12.5
   Compiling truck-derivers v0.1.0 (C:\Users\stefa\AppData\Local\Temp\opencode\cafa70d-wt\vendor\truck\truck-derivers)
   Compiling rayon-core v1.13.0
   Compiling regex-syntax v0.8.11
   Compiling zerocopy v0.8.56
   Compiling allocator-api2 v0.2.21
   Compiling hashbrown v0.16.1
   Compiling truck-geotrait v0.4.0 (C:\Users\stefa\AppData\Local\Temp\opencode\cafa70d-wt\vendor\truck\truck-geotrait)
   Compiling branches v0.4.5
   Compiling zerocopy-derive v0.8.56
   Compiling rustc-hash v1.1.0
   Compiling xml-rs v0.8.29
   Compiling gl_generator v0.14.0
   Compiling naga-types v30.0.0
   Compiling naga v30.0.0
   Compiling libloading v0.8.9
   Compiling windows-threading v0.2.1
   Compiling ash v0.38.0+1.3.281
   Compiling simd-adler32 v0.3.10
   Compiling unicode-width v0.2.2
   Compiling arrayvec v0.7.8
   Compiling once_cell v1.21.4
   Compiling crc32fast v1.5.0
   Compiling bit-vec v0.9.1
   Compiling forward_ref v1.0.0
   Compiling inari v2.0.0
   Compiling bit-set v0.10.0
   Compiling codespan-reporting v0.13.1
   Compiling half v2.7.1
   Compiling aho-corasick v1.1.5
   Compiling windows-future v0.3.2
   Compiling rayon v1.12.0
   Compiling glutin_wgl_sys v0.6.1
   Compiling truck-geometry v0.5.0 (C:\Users\stefa\AppData\Local\Temp\opencode\cafa70d-wt\vendor\truck\truck-geometry)
   Compiling windows-collections v0.3.2
   Compiling windows-numerics v0.3.1
   Compiling spirv v0.4.0+sdk-1.4.341.0
   Compiling windows-sys v0.61.2
   Compiling unicode-segmentation v1.13.3
   Compiling khronos-egl v6.0.0
   Compiling static_assertions v1.1.0
   Compiling raw-window-handle v0.6.2
   Compiling lazy_static v1.5.0
   Compiling adler2 v2.0.1
   Compiling pkg-config v0.3.34
   Compiling zmij v1.0.23
   Compiling lzma-sys v0.1.20
   Compiling miniz_oxide v0.8.9
   Compiling wgpu-types v30.0.0
   Compiling truck-evidence v0.1.0 (C:\Users\stefa\AppData\Local\Temp\opencode\cafa70d-wt\vendor\truck\truck-evidence)
   Compiling convert_case v0.10.0
   Compiling windows v0.62.2
   Compiling rclite v0.4.1
   Compiling regex-automata v0.4.18
   Compiling itertools v0.15.0
   Compiling wgpu-hal v30.0.0
   Compiling itoa v1.0.18
   Compiling array-macro v2.1.8
   Compiling serde_json v1.0.151
   Compiling unicode-xid v0.2.6
   Compiling toml_datetime v0.6.11
   Compiling winnow v0.5.40
   Compiling presser v0.3.1
   Compiling toml_edit v0.19.15
   Compiling derive_more-impl v2.1.1
   Compiling truck-polymesh v0.6.0 (C:\Users\stefa\AppData\Local\Temp\opencode\cafa70d-wt\vendor\truck\truck-polymesh)
   Compiling flate2 v1.1.9
   Compiling regex v1.13.1
   Compiling truck-topology v0.6.0 (C:\Users\stefa\AppData\Local\Temp\opencode\cafa70d-wt\vendor\truck\truck-topology)

running 2 tests
test bracket_tessellates_to_a_known_mesh ... ok
test washer_with_circular_edges_tessellates_to_a_known_mesh has been running for over 60 seconds
test washer_with_circular_edges_tessellates_to_a_known_mesh ... ok

test result: ok. 2 passed; 0 failed; 0 ignored; 0 measured; 0 filtered out; finished in 75.54s

   Compiling gpu-allocator v0.28.0
   Compiling wgpu-naga-bridge v30.0.0
   Compiling ordered-float v5.3.0
   Compiling anstyle v1.0.14
   Compiling once_cell_polyfill v1.70.2
   Compiling utf8parse v0.2.2
   Compiling range-alloc v0.1.5
   Compiling renderdoc-sys v1.1.0
   Compiling glow v0.17.0
   Compiling profiling v1.0.18
   Compiling thiserror v1.0.69
   Compiling proc-macro-crate v1.3.1
   Compiling anstyle-parse v1.0.0
   Compiling anstyle-wincon v3.0.11
   Compiling Inflector v0.11.4
   Compiling derive_more v2.1.1
   Compiling anstyle-query v1.1.5
   Compiling memchr v1.0.2
   Compiling wgpu-core v30.0.0
   Compiling thiserror-impl v1.0.69
   Compiling byteorder v1.5.0
   Compiling inflections v1.1.1
   Compiling convert_case v0.4.0
   Compiling litrs v1.0.0
   Compiling robust v1.2.0
   Compiling colorchoice v1.0.5
   Compiling is_terminal_polyfill v1.70.2
   Compiling minimal-lexical v0.2.1
   Compiling nom v7.1.3
   Compiling anstream v1.0.0
   Compiling spade v2.15.1
   Compiling document-features v0.2.12
   Compiling derive_more v0.99.20
   Compiling gltf-derive v1.4.1
   Compiling nom v3.2.1
   Compiling ruststep-derive v0.4.0 (https://github.com/stefangolas/ruststep?rev=67f1f7c#67f1f7c3)
   Compiling xz2 v0.1.7
   Compiling wgpu-core-deps-windows-linux-android v30.0.0
   Compiling fdeflate v0.3.7
   Compiling blake3 v1.8.6
   Compiling itertools v0.10.5
   Compiling quick-xml v0.22.0
   Compiling wgpu v30.0.0
   Compiling num-derive v0.3.3
   Compiling derive-new v0.5.9
   Compiling clap_lex v1.1.0
   Compiling lz4_flex v0.7.5
   Compiling anyhow v1.0.104
   Compiling heck v0.5.0
   Compiling pxfm v0.1.30
   Compiling strsim v0.11.1
   Compiling base64 v0.13.1
   Compiling zune-core v0.5.3
   Compiling zune-jpeg v0.5.15
   Compiling vtkio v0.6.3
   Compiling moxcms v0.8.1
   Compiling clap_builder v4.6.6
   Compiling clap_derive v4.6.4
   Compiling ruststep v0.4.0 (https://github.com/stefangolas/ruststep?rev=67f1f7c#67f1f7c3)
   Compiling png v0.18.1
   Compiling gltf-json v1.4.1
   Compiling truck-certified v0.1.0 
(C:\Users\stefa\AppData\Local\Temp\opencode\cafa70d-wt\vendor\truck\truck-certified)
   Compiling truck-modeling v0.6.0 (C:\Users\stefa\AppData\Local\Temp\opencode\cafa70d-wt\vendor\truck\truck-modeling)
   Compiling truck-assembly v0.1.0 (C:\Users\stefa\AppData\Local\Temp\opencode\cafa70d-wt\vendor\truck\truck-assembly)
   Compiling chrono v0.4.45
   Compiling byteorder-lite v0.1.0
   Compiling arrayref v0.3.9
   Compiling constant_time_eq v0.4.2
   Compiling ryu v1.0.23
   Compiling unsafe-libyaml v0.2.11
   Compiling serde_yaml v0.9.34+deprecated
   Compiling image v0.25.10
   Compiling truck-stepio v0.3.0 (C:\Users\stefa\AppData\Local\Temp\opencode\cafa70d-wt\vendor\truck\truck-stepio)
   Compiling truck-meshalgo v0.4.0 (C:\Users\stefa\AppData\Local\Temp\opencode\cafa70d-wt\vendor\truck\truck-meshalgo)
   Compiling gltf v1.4.1
   Compiling clap v4.6.6
   Compiling glam v0.30.10
   Compiling pollster v0.4.0
   Compiling fastrand v2.5.0
   Compiling tempfile v3.27.0
   Compiling look v0.1.0 (C:\Users\stefa\AppData\Local\Temp\opencode\cafa70d-wt)
    Finished `test` profile [unoptimized + debuginfo] target(s) in 8m 57s
warning: the following packages contain code that will be rejected by a future version of Rust: nom v3.2.1, quick-xml 
v0.22.0
note: to see what the problems were, use the option `--future-incompat-report`, or run `cargo report 
future-incompatibilities --id 1`
     Running tests\geometry_fingerprint.rs (target\debug\deps\geometry_fingerprint-5212e9b246f45071.exe)
=== END exit=0 2026-09-14T04:58:25.8632930-04:00
